'Choosing a breadcrumbs template (view)': 'https://github.com/AlexanderWM/laravel-breadcrumbs#3-choose-a-template'
'Laravel Crumbs documentation': 'https://github.com/AlexanderWM/laravel-breadcrumbs#laravel-breadcrumbs'
