'Defining breadcrumbs': 'https://github.com/AlexanderWM/laravel-breadcrumbs#defining-breadcrumbs'
'Laravel Crumbs documentation': 'https://github.com/AlexanderWM/laravel-breadcrumbs#laravel-breadcrumbs'
