'Defining breadcrumbs': 'https://github.com/AlexanderWM/laravel-breadcrumbs#defining-breadcrumbs'
'Silencing breadcrumb exceptions': 'https://github.com/AlexanderWM/laravel-breadcrumbs#configuration-file'
'Laravel Crumbs documentation': 'https://github.com/AlexanderWM/laravel-breadcrumbs#laravel-breadcrumbs'
